INFO:root:All tests passed
INFO:root:All tests passed
INFO:root:All tests passed
INFO:root:All tests passed
INFO:root:All tests passed
INFO:root:All tests passed
INFO:root:All tests passed
INFO:root:All tests passed
INFO:root:All tests passed
INFO:root:All tests passed
INFO:root:All tests passed
INFO:root:All tests passed
INFO:root:All tests passed
INFO:root:All tests passed
INFO:root:All tests passed
INFO:root:All tests passed
INFO:root:All tests passed
INFO:root:All tests passed
INFO:root:All tests passed
INFO:root:All tests passed
INFO:root:All tests passed
INFO:root:All tests passed
INFO:root:All tests passed
